// Jest Snapshot v1, https://goo.gl/fbAQLP

exports[`Component - Ad matches snapshot 1`] = `
<div
  className="sc-bdVaJa hDTFWN"
>
  Advertisement Space
</div>
`;
