// Jest Snapshot v1, https://goo.gl/fbAQLP

exports[`Components - WeatherDay matches snapshot 1`] = `
<div
  className="weather-day sc-bdVaJa kuIetW"
  style={
    Object {
      "backgroundImage": "url(/images/weather-icons/113.png)",
    }
  }
>
  <span>
    30
  </span>
  Â°C
  <p>
    sunny
  </p>
</div>
`;
